Login Admin (rhasan211068@bscse.uiu.ac.bd): Success
Login Seller (seller@example.com): Success
Register New User: {'message': 'User already exists'}
Login New User: Success
Category1: {'message': 'Category created', 'categoryId': 12}
Category2: {'message': 'Category created', 'categoryId': 13}
Product1: {'message': 'Product created', 'productId': 12}
Product2: {'message': 'Product created', 'productId': 13}
Challenge1: {'message': 'Challenge created', 'challengeId': 7}
Join challenge: {'message': 'Already joined this challenge'}
Post1: {'message': 'Post created', 'postId': 6}
Friend request: {'message': 'Relationship already exists'}
Message: {'message': 'Message sent', 'messageId': 7}
Cart: {'message': 'Cart updated'}
Wishlist: {'message': 'Product already in wishlist'}
Carbon: {'message': 'Carbon log added', 'logId': 7}
Address: {'message': 'Address added', 'id': 2}
Update Address: {'message': 'Address updated'}
District: {'message': 'District created', 'districtId': 8}
Order: {'message': 'Order created', 'orderId': 7}
Get products: [{'id': 1, 'name': 'Bamboo Toothbrush', 'description': 'Pack of 4 biodegradable brushes with soft bristles', 'price': '550.00', 'category_id': 2, 'stock': 50, 'image_url': '/uploads/bamboo_toothbrush.png', 'eco_rating': 5, 'co2_reduction_kg': '0.50', 'status': 'approved', 'created_at': '2026-01-19T10:16:32.000Z'}, {'id': 2, 'name': 'Solar Power Bank', 'description': '20000mAh weather-proof portable green energy charger', 'price': '3500.00', 'category_id': 3, 'stock': 20, 'image_url': '/uploads/solar_power_bank.png', 'eco_rating': 5, 'co2_reduction_kg': '12.00', 'status': 'approved', 'created_at': '2026-01-19T10:16:32.000Z'}, {'id': 3, 'name': 'Organic Soap Bar', 'description': 'Handmade lavender soap with moisturizing organic oils', 'price': '250.00', 'category_id': 2, 'stock': 100, 'image_url': 'https://images.unsplash.com/photo-1546552356-3fae876a61ca', 'eco_rating': 4, 'co2_reduction_kg': '0.20', 'status': 'approved', 'created_at': '2026-01-19T10:16:32.000Z'}]
Get challenges: [{'id': 7, 'title': 'Zero Waste Day', 'description': 'Go zero waste for a day', 'points_reward': 50, 'co2_saving_kg': '2.00', 'duration_days': 1, 'image_url': None, 'category': 'Day', 'created_at': '2026-01-19T10:24:14.000Z'}, {'id': 6, 'title': 'Zero Waste Day', 'description': 'Go zero waste for a day', 'points_reward': 50, 'co2_saving_kg': '2.00', 'duration_days': 1, 'image_url': None, 'category': 'Day', 'created_at': '2026-01-19T10:23:20.000Z'}, {'id': 5, 'title': 'Zero Waste Day', 'description': 'Go zero waste for a day', 'points_reward': 50, 'co2_saving_kg': '2.00', 'duration_days': 1, 'image_url': None, 'category': 'Day', 'created_at': '2026-01-19T10:19:09.000Z'}, {'id': 4, 'title': 'Zero Waste Day', 'description': 'Go zero waste for a day', 'points_reward': 50, 'co2_saving_kg': '2.00', 'duration_days': 1, 'image_url': None, 'category': 'Day', 'created_at': '2026-01-19T10:18:57.000Z'}, {'id': 3, 'title': 'Zero Waste Day', 'description': 'Go zero waste for a day', 'points_reward': 50, 'co2_saving_kg': '2.00', 'duration_days': 1, 'image_url': None, 'category': 'Day', 'created_at': '2026-01-19T10:18:34.000Z'}, {'id': 1, 'title': 'Plastic Free Week', 'description': 'Use zero single-use plastics for 7 consecutive days', 'points_reward': 100, 'co2_saving_kg': '5.00', 'duration_days': 7, 'image_url': 'https://images.unsplash.com/photo-1532996122724-e3c354a0b15b', 'category': 'Week', 'created_at': '2026-01-19T10:16:32.000Z'}, {'id': 2, 'title': 'Tree Planter', 'description': 'Plant 3 native trees in your local neighborhood', 'points_reward': 500, 'co2_saving_kg': '25.00', 'duration_days': 30, 'image_url': 'https://images.unsplash.com/photo-1542601906990-b4d3fb778b09', 'category': 'Month', 'created_at': '2026-01-19T10:16:32.000Z'}]
Get posts: [{'id': 6, 'content': 'My first eco post', 'image_url': 'https://images.unsplash.com/photo-1542601906990-b4d3fb778b09?w=800', 'created_at': '2026-01-19T10:24:14.000Z', 'username': 'NewTestUser', 'avatar_url': None, 'likes': 0}, {'id': 5, 'content': 'My first eco post', 'image_url': 'https://images.unsplash.com/photo-1542601906990-b4d3fb778b09?w=800', 'created_at': '2026-01-19T10:23:20.000Z', 'username': 'NewTestUser', 'avatar_url': None, 'likes': 0}, {'id': 4, 'content': 'My first eco post', 'image_url': 'https://images.unsplash.com/photo-1542601906990-b4d3fb778b09?w=800', 'created_at': '2026-01-19T10:19:09.000Z', 'username': 'NewTestUser', 'avatar_url': None, 'likes': 0}, {'id': 3, 'content': 'My first eco post', 'image_url': 'https://images.unsplash.com/photo-1542601906990-b4d3fb778b09?w=800', 'created_at': '2026-01-19T10:18:57.000Z', 'username': 'NewTestUser', 'avatar_url': None, 'likes': 0}, {'id': 2, 'content': 'My first eco post', 'image_url': 'https://images.unsplash.com/photo-1542601906990-b4d3fb778b09?w=800', 'created_at': '2026-01-19T10:18:34.000Z', 'username': 'NewTestUser', 'avatar_url': None, 'likes': 0}, {'id': 1, 'content': 'Just planted my first tree! #EcoWarrior', 'image_url': 'https://images.unsplash.com/photo-1542601906990-b4d3fb778b09', 'created_at': '2026-01-19T10:16:32.000Z', 'username': 'AdminUser', 'avatar_url': 'https://lh3.googleusercontent.com/a/ACg8ocIhE7Fe11x5kGbdnd2MjLIcch6Q-Oxn3sCjZ0eMoYQIKH0Cn5E=s288-c-no', 'likes': 2}]
Get cart: [{'id': 1, 'quantity': 5, 'product_id': 1, 'name': 'Bamboo Toothbrush', 'price': '550.00', 'image_url': '/uploads/bamboo_toothbrush.png'}]
Get orders: [{'id': 3, 'user_id': 4, 'total_amount': '550.00', 'status': 'pending', 'shipping_address': 'Test Address', 'payment_intent_id': None, 'created_at': '2026-01-19T10:18:34.000Z'}, {'id': 4, 'user_id': 4, 'total_amount': '550.00', 'status': 'pending', 'shipping_address': 'Test Address', 'payment_intent_id': None, 'created_at': '2026-01-19T10:18:57.000Z'}, {'id': 5, 'user_id': 4, 'total_amount': '550.00', 'status': 'pending', 'shipping_address': 'Test Address', 'payment_intent_id': None, 'created_at': '2026-01-19T10:19:09.000Z'}, {'id': 6, 'user_id': 4, 'total_amount': '550.00', 'status': 'pending', 'shipping_address': 'Test Address', 'payment_intent_id': None, 'created_at': '2026-01-19T10:23:20.000Z'}, {'id': 7, 'user_id': 4, 'total_amount': '550.00', 'status': 'pending', 'shipping_address': 'Test Address', 'payment_intent_id': None, 'created_at': '2026-01-19T10:24:14.000Z'}]
Get profile: {'id': 4, 'username': 'NewTestUser', 'email': 'newtestuser@example.com', 'role': 'user', 'bio': None, 'avatar_url': None, 'eco_points': 0, 'carbon_saved_kg': '0.00', 'trees_planted': 0, 'first_name': 'Test', 'last_name': 'User', 'birth_date': '1999-12-31T18:00:00.000Z', 'gender': 'other', 'created_at': '2026-01-19T10:18:33.000Z'}
Get carbon: [{'id': 7, 'user_id': 4, 'amount_kg': '5.00', 'source': 'Walking instead of driving', 'logged_at': '2026-01-19T10:24:14.000Z'}, {'id': 6, 'user_id': 4, 'amount_kg': '5.00', 'source': 'Walking instead of driving', 'logged_at': '2026-01-19T10:23:20.000Z'}, {'id': 5, 'user_id': 4, 'amount_kg': '5.00', 'source': 'Walking instead of driving', 'logged_at': '2026-01-19T10:19:09.000Z'}, {'id': 4, 'user_id': 4, 'amount_kg': '5.00', 'source': 'Walking instead of driving', 'logged_at': '2026-01-19T10:18:57.000Z'}, {'id': 3, 'user_id': 4, 'amount_kg': '5.00', 'source': 'Walking instead of driving', 'logged_at': '2026-01-19T10:18:34.000Z'}]
Get notifications: []
Get friends: []
Get messages: [{'id': 3, 'sender_id': 4, 'receiver_id': 1, 'content': 'Hello Admin, I have a question.', 'is_read': 0, 'created_at': '2026-01-19T10:18:34.000Z', 'sender_username': 'NewTestUser'}, {'id': 4, 'sender_id': 4, 'receiver_id': 1, 'content': 'Hello Admin, I have a question.', 'is_read': 0, 'created_at': '2026-01-19T10:18:57.000Z', 'sender_username': 'NewTestUser'}, {'id': 5, 'sender_id': 4, 'receiver_id': 1, 'content': 'Hello Admin, I have a question.', 'is_read': 0, 'created_at': '2026-01-19T10:19:09.000Z', 'sender_username': 'NewTestUser'}, {'id': 6, 'sender_id': 4, 'receiver_id': 1, 'content': 'Hello Admin, I have a question.', 'is_read': 0, 'created_at': '2026-01-19T10:23:20.000Z', 'sender_username': 'NewTestUser'}, {'id': 7, 'sender_id': 4, 'receiver_id': 1, 'content': 'Hello Admin, I have a question.', 'is_read': 0, 'created_at': '2026-01-19T10:24:14.000Z', 'sender_username': 'NewTestUser'}]
Get wishlist: [{'id': 2, 'created_at': '2026-01-19T10:18:34.000Z', 'product_id': 1, 'name': 'Bamboo Toothbrush', 'price': '550.00', 'image_url': '/uploads/bamboo_toothbrush.png'}]
Get addresses: [{'id': 2, 'user_id': 4, 'address_type': 'work', 'full_name': 'Test User Updated', 'phone': '0987654321', 'house_flat_no': '456', 'road_street': 'Updated Road', 'area_locality': 'Updated Area', 'post_office': None, 'thana_upazila': 'Test Thana', 'district': 'Dhaka', 'division': '', 'postal_code': '1209', 'country': 'Bangladesh', 'is_default': None, 'created_at': '2026-01-19T10:24:14.000Z'}]
Get districts: [{'id': 1, 'name': 'Dhaka', 'code': 'DHK', 'created_at': '2026-01-19T10:16:32.000Z'}, {'id': 2, 'name': 'Chittagong', 'code': 'CTG', 'created_at': '2026-01-19T10:16:32.000Z'}, {'id': 3, 'name': 'Sylhet', 'code': 'SYL', 'created_at': '2026-01-19T10:16:32.000Z'}, {'id': 4, 'name': 'Khulna', 'code': 'KHL', 'created_at': '2026-01-19T10:18:34.000Z'}, {'id': 5, 'name': 'Khulna', 'code': 'KHL', 'created_at': '2026-01-19T10:18:57.000Z'}, {'id': 6, 'name': 'Khulna', 'code': 'KHL', 'created_at': '2026-01-19T10:19:09.000Z'}, {'id': 7, 'name': 'Khulna', 'code': 'KHL', 'created_at': '2026-01-19T10:23:20.000Z'}, {'id': 8, 'name': 'Khulna', 'code': 'KHL', 'created_at': '2026-01-19T10:24:14.000Z'}]
